%!Adobe-FontList 1.22
%Locale:0x419

%BeginFont
Handler:DirectoryHandler
FontType:Invalid
OutlineFileName:M:\sites\lukanin\Font\GothamPro-Light.eot
FileModTime:1570013938
%EndFont

%BeginFont
Handler:DirectoryHandler
FontType:TrueType
FontName:GothamPro-Light
FamilyName:Gotham Pro
StyleName:Light
FullName:GothamPro-Light
MenuName:Gotham Pro Light
StyleBits:0
WritingScript:Roman
OutlineFileName:M:\sites\lukanin\Font\GothamPro-Light.ttf
DataFormat:sfntData
hasSVG:no
VariableFontType:NonVariableFont
FileLength:40844
FileModTime:1570013938
WeightClass:400
WidthClass:5
AngleClass:0
NameArray:0,Mac,4,GothamPro-Light
NameArray:0,Win,1,Gotham Pro Light
NameArray:0,Win,16,Gotham Pro
%EndFont

%BeginFont
Handler:DirectoryHandler
FontType:Invalid
OutlineFileName:M:\sites\lukanin\Font\GothamPro-Light.woff
FileModTime:1570013938
%EndFont

%BeginFont
Handler:DirectoryHandler
FontType:TrueType
FontName:Solaris
FamilyName:Solaris
StyleName:Regular
FullName:Solaris
MenuName:Solaris
StyleBits:0
WritingScript:Roman
OutlineFileName:M:\sites\lukanin\Font\Solaris.otf
DataFormat:sfntData
hasSVG:no
VariableFontType:NonVariableFont
FileLength:16008
FileModTime:1570013938
WeightClass:400
WidthClass:5
AngleClass:0
NameArray:0,Mac,4,Solaris
NameArray:0,Win,1,Solaris
%EndFont

%BeginFont
Handler:DirectoryHandler
FontType:Invalid
OutlineFileName:M:\sites\lukanin\Font\Solaris.woff
FileModTime:1570013938
%EndFont

%BeginFont
Handler:DirectoryHandler
FontType:Invalid
OutlineFileName:M:\sites\lukanin\Font\Voyager Heavy Webfont.woff
FileModTime:1570013938
%EndFont

%BeginFont
Handler:DirectoryHandler
FontType:Invalid
OutlineFileName:M:\sites\lukanin\Font\Voyager1.woff
FileModTime:1570013938
%EndFont

%BeginFont
Handler:DirectoryHandler
FontType:Invalid
OutlineFileName:M:\sites\lukanin\Font\flUhRq6tzZclQEJ-Vdg-IuiaDsNc.woff2
FileModTime:1570013938
%EndFont

